2025-04-03 13:25:12,101 [INFO] Extracting train features...
2025-04-03 13:25:12,106 [INFO] Extracting video 1 features...
2025-04-03 13:26:10,726 [INFO] Extracting video 3 features...
2025-04-03 13:27:12,585 [INFO] Extracting video 6 features...
2025-04-03 13:27:50,436 [INFO] Extracting video 7 features...
2025-04-03 13:28:29,767 [INFO] Extracting video 10 features...
2025-04-03 13:29:07,756 [INFO] Extracting video 13 features...
2025-04-03 13:29:43,854 [INFO] Extracting video 15 features...
2025-04-03 13:30:20,157 [INFO] Extracting video 16 features...
2025-04-03 13:30:55,733 [INFO] Extracting video 18 features...
2025-04-03 13:31:31,541 [INFO] Extracting video 22 features...
2025-04-03 13:32:03,637 [INFO] Extracting video 23 features...
2025-04-03 13:32:36,501 [INFO] Extracting video 31 features...
2025-04-03 13:33:10,044 [INFO] Extracting video 32 features...
2025-04-03 13:33:43,199 [INFO] Extracting video 36 features...
2025-04-03 13:34:15,892 [INFO] Extracting video 38 features...
2025-04-03 13:35:02,650 [INFO] Extracting video 39 features...
2025-04-03 13:35:19,308 [INFO] Extracting video 40 features...
2025-04-03 13:35:51,725 [INFO] Extracting video 41 features...
2025-04-03 13:36:13,112 [INFO] Extracting video 42 features...
2025-04-03 13:36:43,922 [INFO] Extracting video 48 features...
2025-04-03 13:37:10,071 [INFO] Extracting video 50 features...
2025-04-03 13:37:35,212 [INFO] Extracting video 52 features...
2025-04-03 13:38:03,895 [INFO] Extracting video 53 features...
2025-04-03 13:38:21,185 [INFO] Extracting video 54 features...
2025-04-03 13:39:03,464 [INFO] Saved 24 train videos to /media/amr/Extra/ML & DL/DL/projects/volleyball/features/train_features_2.pkl
2025-04-03 13:39:03,469 [INFO] Extracting val features...
2025-04-03 13:39:03,470 [INFO] Extracting video 0 features...
2025-04-03 13:40:01,552 [INFO] Extracting video 2 features...
2025-04-03 13:40:35,854 [INFO] Extracting video 8 features...
2025-04-03 13:41:17,981 [INFO] Extracting video 12 features...
2025-04-03 13:41:57,034 [INFO] Extracting video 17 features...
2025-04-03 13:42:31,924 [INFO] Extracting video 19 features...
2025-04-03 13:42:59,529 [INFO] Extracting video 24 features...
2025-04-03 13:43:32,010 [INFO] Extracting video 26 features...
2025-04-03 13:44:06,073 [INFO] Extracting video 27 features...
2025-04-03 13:44:37,888 [INFO] Extracting video 28 features...
2025-04-03 13:45:12,353 [INFO] Extracting video 30 features...
2025-04-03 13:45:47,408 [INFO] Extracting video 33 features...
2025-04-03 13:46:19,111 [INFO] Extracting video 46 features...
2025-04-03 13:46:41,271 [INFO] Extracting video 49 features...
2025-04-03 13:47:05,104 [INFO] Extracting video 51 features...
2025-04-03 13:47:32,056 [INFO] Saved 15 val videos to /media/amr/Extra/ML & DL/DL/projects/volleyball/features/val_features_2.pkl
2025-04-03 13:47:32,057 [INFO] Extracting test features...
2025-04-03 13:47:32,058 [INFO] Extracting video 4 features...
2025-04-03 13:48:11,831 [INFO] Extracting video 5 features...
2025-04-03 13:48:50,329 [INFO] Extracting video 9 features...
2025-04-03 13:49:25,576 [INFO] Extracting video 11 features...
2025-04-03 13:50:00,879 [INFO] Extracting video 14 features...
2025-04-03 13:50:37,422 [INFO] Extracting video 20 features...
2025-04-03 13:51:16,116 [INFO] Extracting video 21 features...
2025-04-03 13:51:48,267 [INFO] Extracting video 25 features...
2025-04-03 13:52:24,668 [INFO] Extracting video 29 features...
2025-04-03 13:53:05,089 [INFO] Extracting video 34 features...
2025-04-03 13:53:37,665 [INFO] Extracting video 35 features...
2025-04-03 13:54:22,398 [INFO] Extracting video 37 features...
2025-04-03 13:55:26,220 [INFO] Extracting video 43 features...
2025-04-03 13:55:56,334 [INFO] Extracting video 44 features...
2025-04-03 13:56:31,182 [INFO] Extracting video 45 features...
2025-04-03 13:56:56,958 [INFO] Extracting video 47 features...
2025-04-03 13:57:24,797 [INFO] Saved 16 test videos to /media/amr/Extra/ML & DL/DL/projects/volleyball/features/test_features_2.pkl
